=== start 2026-09-12T10:16:50Z ===
--- superchango99 start 10:16:50Z
--- superchango99 done rc=0 11:12:48Z  files=3/25
--- williamsrya94 start 11:12:48Z
--- williamsrya94 done rc=0 11:48:10Z  files=4/25
--- ajshaz17 start 11:48:10Z
--- ajshaz17 done rc=0 12:07:56Z  files=5/25
--- goshich start 12:07:56Z
--- goshich done rc=0 13:20:31Z  files=6/25
--- dvoice start 13:20:31Z
--- dvoice done rc=0 14:27:27Z  files=7/25
--- acid_1 start 14:27:27Z
--- acid_1 done rc=0 14:57:44Z  files=8/25
--- ingjaldurs start 14:57:44Z
--- ingjaldurs done rc=0 15:46:52Z  files=9/25
--- archpopov start 15:46:52Z
--- archpopov done rc=0 15:48:32Z  files=10/25
--- al3s start 15:48:32Z
--- al3s done rc=0 16:34:50Z  files=11/25
--- boligarla start 16:34:50Z
--- boligarla done rc=0 17:03:07Z  files=12/25
--- newnampat64 start 17:03:07Z
--- newnampat64 done rc=0 18:06:52Z  files=13/25
--- mcpolan start 18:06:52Z
--- mcpolan done rc=0 18:22:37Z  files=14/25
--- montifiqe start 18:22:37Z
--- montifiqe done rc=0 18:23:52Z  files=15/25
--- toscohg start 18:23:52Z
--- toscohg done rc=0 19:07:51Z  files=16/25
--- xuorig start 19:07:51Z
--- xuorig done rc=0 19:29:16Z  files=17/25
--- viktor19625 start 19:29:16Z
--- viktor19625 done rc=0 20:11:15Z  files=18/25
--- navaneethav start 20:11:15Z
--- navaneethav done rc=0 20:53:16Z  files=19/25
--- abdohassan11 start 20:53:16Z
--- abdohassan11 done rc=0 21:34:49Z  files=20/25
--- egregiouschessplayer start 21:34:49Z
--- egregiouschessplayer done rc=0 21:51:11Z  files=21/25
--- beni_kpknldmi start 21:51:12Z
--- beni_kpknldmi done rc=0 22:38:14Z  files=22/25
--- sofiyankhan start 22:38:14Z
--- sofiyankhan done rc=0 23:30:52Z  files=23/25
--- fink4241 start 23:30:52Z
--- fink4241 done rc=0 23:47:40Z  files=24/25
--- maxkart19 start 23:47:40Z
--- maxkart19 done rc=0 00:05:33Z  files=25/25
--- bmyers2015 start 00:05:33Z
--- bmyers2015 done rc=0 00:06:55Z  files=26/25
--- pablorocchi start 00:06:55Z
--- pablorocchi done rc=0 00:36:45Z  files=27/25
=== ALL DONE 2026-09-13T00:36:45Z ===
